#-----------------------------------------------------------
# Vivado v2023.1 (64-bit)
# SW Build 3865809 on Sun May  7 15:05:29 MDT 2023
# IP Build 3864474 on Sun May  7 20:36:21 MDT 2023
# SharedData Build 3865790 on Sun May 07 13:33:03 MDT 2023
# Start of session at: Sat Dec  9 10:36:02 2023
# Process ID: 13328
# Current directory: E:/Xilinx/FPGA_Prjs/dzy/referance/top_lcd_touch_4_3_800_640/prj
# Command line: vivado.exe -gui_launcher_event rodinguilauncherevent20760 E:\Xilinx\FPGA_Prjs\dzy\referance\top_lcd_touch_4_3_800_640\prj\top_lcd_touch.xpr
# Log file: E:/Xilinx/FPGA_Prjs/dzy/referance/top_lcd_touch_4_3_800_640/prj/vivado.log
# Journal file: E:/Xilinx/FPGA_Prjs/dzy/referance/top_lcd_touch_4_3_800_640/prj\vivado.jou
# Running On: xyh, OS: Windows, CPU Frequency: 2304 MHz, CPU Physical cores: 8, Host memory: 16889 MB
#-----------------------------------------------------------
start_gui
open_project E:/Xilinx/FPGA_Prjs/dzy/referance/top_lcd_touch_4_3_800_640/prj/top_lcd_touch.xpr
update_compile_order -fileset sources_1
