#-----------------------------------------------------------
# Vivado v2023.1 (64-bit)
# SW Build 3865809 on Sun May  7 15:05:29 MDT 2023
# IP Build 3864474 on Sun May  7 20:36:21 MDT 2023
# SharedData Build 3865790 on Sun May 07 13:33:03 MDT 2023
# Start of session at: Fri Nov 17 12:09:50 2023
# Process ID: 3892
# Current directory: E:/Xilinx/FPGA_Prjs/dzy/referance/top_lcd_touch_4_3_800_640/prj/top_lcd_touch.runs/impl_1
# Command line: vivado.exe -log top_lcd_touch.vdi -applog -product Vivado -messageDb vivado.pb -mode batch -source top_lcd_touch.tcl -notrace
# Log file: E:/Xilinx/FPGA_Prjs/dzy/referance/top_lcd_touch_4_3_800_640/prj/top_lcd_touch.runs/impl_1/top_lcd_touch.vdi
# Journal file: E:/Xilinx/FPGA_Prjs/dzy/referance/top_lcd_touch_4_3_800_640/prj/top_lcd_touch.runs/impl_1\vivado.jou
# Running On: xyh, OS: Windows, CPU Frequency: 2304 MHz, CPU Physical cores: 8, Host memory: 16889 MB
#-----------------------------------------------------------
source top_lcd_touch.tcl -notrace
