#-----------------------------------------------------------
# Vivado v2023.1 (64-bit)
# SW Build 3865809 on Sun May  7 15:05:29 MDT 2023
# IP Build 3864474 on Sun May  7 20:36:21 MDT 2023
# SharedData Build 3865790 on Sun May 07 13:33:03 MDT 2023
# Start of session at: Fri Nov 17 12:14:53 2023
# Process ID: 10220
# Current directory: E:/Xilinx/FPGA_Prjs/dzy/referance/28_top_lcd_touch/prj
# Command line: vivado.exe -gui_launcher_event rodinguilauncherevent4428 E:\Xilinx\FPGA_Prjs\dzy\referance\28_top_lcd_touch\prj\top_lcd_touch.xpr
# Log file: E:/Xilinx/FPGA_Prjs/dzy/referance/28_top_lcd_touch/prj/vivado.log
# Journal file: E:/Xilinx/FPGA_Prjs/dzy/referance/28_top_lcd_touch/prj\vivado.jou
# Running On: xyh, OS: Windows, CPU Frequency: 2304 MHz, CPU Physical cores: 8, Host memory: 16889 MB
#-----------------------------------------------------------
start_gui
open_project E:/Xilinx/FPGA_Prjs/dzy/referance/28_top_lcd_touch/prj/top_lcd_touch.xpr
update_compile_order -fileset sources_1
open_run impl_1
